// Jest Snapshot v1, https://goo.gl/fbAQLP

exports[`addUser should add selected user to state 1`] = `
Object {
  "email": "danielpoulson@icloud.com",
  "fullname": "Daniel Poulson",
  "id": "588d97a89be9b78bb608692b",
  "role": "admin",
  "username": "danielp",
}
`;
